// Jest Snapshot v1, https://goo.gl/fbAQLP

exports[`BtnError renders properly 1`] = `undefined`;
